---
source: crates/pina_macros/src/tests.rs
expression: output
---
#[repr(C)]
#[derive(
    ::pina::TypedBuilder,
    ::core::clone::Clone,
    ::core::marker::Copy,
    ::core::cmp::PartialEq,
    ::core::cmp::Eq,
    ::core::fmt::Debug
)]
#[builder(builder_method(vis = "", name = __builder))]
pub struct FlipBit {
    discriminator: [u8; MyInstruction::BYTES],
    pub section_index: u8,
    pub array_index: u8,
    pub offset: u8,
    pub value: u8,
}
#[allow(dead_code)]
type FlipBitBuilderType = FlipBitBuilder<
    (([u8; MyInstruction::BYTES],), (), (), (), ()),
>;
const __FLIPBIT_ALIGNMENT_ASSERTIONS__: () = {
    ::core::assert!(
        ::core::mem::align_of:: < [u8; MyInstruction::BYTES] > () == 1,
        concat!("The alignment of field `", "discriminator", "` with type `",
        stringify!([u8; MyInstruction::BYTES]),
        "` should be one. Consider using one of the exported `Pod*` types from the `pina` crate.")
    );
    ::core::assert!(
        ::core::mem::align_of:: < u8 > () == 1, concat!("The alignment of field `",
        "section_index", "` with type `", stringify!(u8),
        "` should be one. Consider using one of the exported `Pod*` types from the `pina` crate.")
    );
    ::core::assert!(
        ::core::mem::align_of:: < u8 > () == 1, concat!("The alignment of field `",
        "array_index", "` with type `", stringify!(u8),
        "` should be one. Consider using one of the exported `Pod*` types from the `pina` crate.")
    );
    ::core::assert!(
        ::core::mem::align_of:: < u8 > () == 1, concat!("The alignment of field `",
        "offset", "` with type `", stringify!(u8),
        "` should be one. Consider using one of the exported `Pod*` types from the `pina` crate.")
    );
    ::core::assert!(
        ::core::mem::align_of:: < u8 > () == 1, concat!("The alignment of field `",
        "value", "` with type `", stringify!(u8),
        "` should be one. Consider using one of the exported `Pod*` types from the `pina` crate.")
    );
    ::core::assert!(
        ::core::mem::align_of:: < FlipBit > () == 1, concat!("The alignment of struct `",
        stringify!(FlipBit), "` should be one so it can be used for zero-copy casts.")
    );
    ::core::assert!(
        ::core::mem::size_of:: < FlipBit > () == (0usize + ::core::mem::size_of:: < [u8;
        MyInstruction::BYTES] > () + ::core::mem::size_of:: < u8 > () +
        ::core::mem::size_of:: < u8 > () + ::core::mem::size_of:: < u8 > () +
        ::core::mem::size_of:: < u8 > ()), concat!("`", stringify!(FlipBit),
        "` layout is padded. `#[pina]` discriminator-first zero-copy layouts must be tightly packed.")
    );
};
impl FlipBit {
    pub fn to_bytes(&self) -> <Self as ::pina::PinaToBytes>::Bytes {
        <Self as ::pina::PinaToBytes>::to_bytes(self)
    }
    pub fn try_from_bytes(data: &[u8]) -> Result<&Self, ::pina::ProgramError> {
        if data.len() != ::core::mem::size_of::<Self>() {
            return Err(::pina::ProgramError::InvalidInstructionData);
        }
        <Self as ::pina::ZeroPodFixed>::from_bytes(data)
            .map_err(|_| ::pina::ProgramError::InvalidInstructionData)
    }
    pub fn builder() -> FlipBitBuilderType {
        let mut bytes = [0u8; MyInstruction::BYTES];
        <Self as ::pina::HasDiscriminator>::VALUE.write_discriminator(&mut bytes);
        Self::__builder().discriminator(bytes)
    }
}
impl ::pina::HasDiscriminator for FlipBit {
    type Type = MyInstruction;
    const VALUE: Self::Type = MyInstruction::FlipBit;
}
const _: fn() = || {
    fn assert_zc_elem<T: ::pina::ZcElem>() {}
    assert_zc_elem::<[u8; MyInstruction::BYTES]>();
    assert_zc_elem::<u8>();
    assert_zc_elem::<u8>();
    assert_zc_elem::<u8>();
    assert_zc_elem::<u8>();
};
impl ::pina::PinaSerialize for FlipBit {
    fn write_bytes(&self, output: &mut [u8]) {
        ::core::assert!(output.len() == ::core::mem::size_of:: < Self > ());
        output.fill(0);
        let mut offset = 0usize;
        let field_size = ::core::mem::size_of::<[u8; MyInstruction::BYTES]>();
        <[u8; MyInstruction::BYTES] as ::pina::PinaSerialize>::write_bytes(
            &self.discriminator,
            &mut output[offset..offset + field_size],
        );
        offset += field_size;
        let field_size = ::core::mem::size_of::<u8>();
        <u8 as ::pina::PinaSerialize>::write_bytes(
            &self.section_index,
            &mut output[offset..offset + field_size],
        );
        offset += field_size;
        let field_size = ::core::mem::size_of::<u8>();
        <u8 as ::pina::PinaSerialize>::write_bytes(
            &self.array_index,
            &mut output[offset..offset + field_size],
        );
        offset += field_size;
        let field_size = ::core::mem::size_of::<u8>();
        <u8 as ::pina::PinaSerialize>::write_bytes(
            &self.offset,
            &mut output[offset..offset + field_size],
        );
        offset += field_size;
        let field_size = ::core::mem::size_of::<u8>();
        <u8 as ::pina::PinaSerialize>::write_bytes(
            &self.value,
            &mut output[offset..offset + field_size],
        );
        offset += field_size;
        ::core::debug_assert!(offset == output.len());
    }
}
impl ::pina::PinaToBytes for FlipBit {
    type Bytes = [u8; ::core::mem::size_of::<FlipBit>()];
    fn zeroed_bytes() -> Self::Bytes {
        [0u8; ::core::mem::size_of::<FlipBit>()]
    }
}
impl ::pina::ZcValidate for FlipBit {
    fn validate_ref(value: &Self) -> Result<(), ::pina::ZeroPodError> {
        <[u8; MyInstruction::BYTES] as ::pina::ZcValidate>::validate_ref(
            &value.discriminator,
        )?;
        <u8 as ::pina::ZcValidate>::validate_ref(&value.section_index)?;
        <u8 as ::pina::ZcValidate>::validate_ref(&value.array_index)?;
        <u8 as ::pina::ZcValidate>::validate_ref(&value.offset)?;
        <u8 as ::pina::ZcValidate>::validate_ref(&value.value)?;
        Ok(())
    }
}
#[allow(unsafe_code)]
unsafe impl ::pina::ZcElem for FlipBit {}
impl ::pina::ZeroPodSchema for FlipBit {
    const LAYOUT: ::pina::LayoutKind = ::pina::LayoutKind::Fixed;
}
impl ::pina::ZeroPodFixed for FlipBit {
    type Zc = FlipBit;
    const SIZE: usize = ::core::mem::size_of::<FlipBit>();
    fn from_bytes(data: &[u8]) -> Result<&Self::Zc, ::pina::ZeroPodError> {
        <Self as ::pina::ZeroPodFixed>::validate(data)?;
        Ok(unsafe { &*(data.as_ptr() as *const Self::Zc) })
    }
    fn from_bytes_mut(data: &mut [u8]) -> Result<&mut Self::Zc, ::pina::ZeroPodError> {
        <Self as ::pina::ZeroPodFixed>::validate(data)?;
        Ok(unsafe { &mut *(data.as_mut_ptr() as *mut Self::Zc) })
    }
    fn validate(data: &[u8]) -> Result<(), ::pina::ZeroPodError> {
        if data.len() < Self::SIZE {
            return Err(::pina::ZeroPodError::BufferTooSmall);
        }
        let zc = unsafe { &*(data.as_ptr() as *const Self::Zc) };
        <Self::Zc as ::pina::ZcValidate>::validate_ref(zc)?;
        Ok(())
    }
    unsafe fn from_bytes_unchecked(data: &[u8]) -> &Self::Zc {
        &*(data.as_ptr() as *const Self::Zc)
    }
    unsafe fn from_bytes_mut_unchecked(data: &mut [u8]) -> &mut Self::Zc {
        &mut *(data.as_mut_ptr() as *mut Self::Zc)
    }
}
impl ::pina::ZcField for FlipBit {
    type Pod = FlipBit;
    const POD_SIZE: usize = ::core::mem::size_of::<FlipBit>();
}
