---
source: crates/pina_macros/src/tests.rs
expression: output
---
#[repr(C)]
#[builder(builder_method(vis = "", name = __builder))]
#[derive(
    ::pina::TypedBuilder,
    ::pina::Pod,
    ::pina::Zeroable,
    ::core::clone::Clone,
    ::core::marker::Copy,
    ::core::cmp::PartialEq,
    ::core::cmp::Eq,
    ::core::fmt::Debug
)]
#[bytemuck(crate = "::pina::bytemuck")]
pub struct TransferEvent {
    discriminator: [u8; EventDisc::BYTES],
    pub from: [u8; 32],
    pub to: [u8; 32],
    pub amount: PodU64,
}
#[allow(dead_code)]
type TransferEventBuilderType = TransferEventBuilder<
    (([u8; EventDisc::BYTES],), (), (), ()),
>;
const __TRANSFEREVENT_ALIGNMENT_ASSERTIONS__: () = {
    ::core::assert!(
        ::core::mem::align_of:: < [u8; EventDisc::BYTES] > () == 1,
        concat!("The alignment of field `", "discriminator", "` with type `",
        stringify!([u8; EventDisc::BYTES]),
        "` should be one. Consider using one of the exported `Pod*` types from the `pina` crate.")
    );
    ::core::assert!(
        ::core::mem::align_of:: < [u8; 32] > () == 1, concat!("The alignment of field `",
        "from", "` with type `", stringify!([u8; 32]),
        "` should be one. Consider using one of the exported `Pod*` types from the `pina` crate.")
    );
    ::core::assert!(
        ::core::mem::align_of:: < [u8; 32] > () == 1, concat!("The alignment of field `",
        "to", "` with type `", stringify!([u8; 32]),
        "` should be one. Consider using one of the exported `Pod*` types from the `pina` crate.")
    );
    ::core::assert!(
        ::core::mem::align_of:: < PodU64 > () == 1, concat!("The alignment of field `",
        "amount", "` with type `", stringify!(PodU64),
        "` should be one. Consider using one of the exported `Pod*` types from the `pina` crate.")
    );
};
impl TransferEvent {
    pub fn to_bytes(&self) -> &[u8] {
        ::pina::bytemuck::bytes_of(self)
    }
    pub fn try_from_bytes(data: &[u8]) -> Result<&Self, ::pina::ProgramError> {
        ::pina::bytemuck::try_from_bytes::<Self>(data)
            .or(Err(::pina::ProgramError::InvalidInstructionData))
    }
    pub fn builder() -> TransferEventBuilderType {
        let mut bytes = [0u8; EventDisc::BYTES];
        <Self as ::pina::HasDiscriminator>::VALUE.write_discriminator(&mut bytes);
        Self::__builder().discriminator(bytes)
    }
}
impl ::pina::HasDiscriminator for TransferEvent {
    type Type = EventDisc;
    const VALUE: Self::Type = EventDisc::TransferEvent;
}
