---
source: crates/pina_macros/src/tests.rs
expression: output
---
#[repr(C)]
#[derive(
    ::pina::TypedBuilder,
    ::core::clone::Clone,
    ::core::marker::Copy,
    ::core::cmp::PartialEq,
    ::core::cmp::Eq,
    ::core::fmt::Debug
)]
#[builder(builder_method(vis = "", name = __builder))]
pub struct TransferData {
    discriminator: [u8; OpCode::BYTES],
    pub amount: PodU64,
    pub destination: [u8; 32],
}
#[allow(dead_code)]
type TransferDataBuilderType = TransferDataBuilder<(([u8; OpCode::BYTES],), (), ())>;
const __TRANSFERDATA_ALIGNMENT_ASSERTIONS__: () = {
    ::core::assert!(
        ::core::mem::align_of:: < [u8; OpCode::BYTES] > () == 1,
        concat!("The alignment of field `", "discriminator", "` with type `",
        stringify!([u8; OpCode::BYTES]),
        "` should be one. Consider using one of the exported `Pod*` types from the `pina` crate.")
    );
    ::core::assert!(
        ::core::mem::align_of:: < PodU64 > () == 1, concat!("The alignment of field `",
        "amount", "` with type `", stringify!(PodU64),
        "` should be one. Consider using one of the exported `Pod*` types from the `pina` crate.")
    );
    ::core::assert!(
        ::core::mem::align_of:: < [u8; 32] > () == 1, concat!("The alignment of field `",
        "destination", "` with type `", stringify!([u8; 32]),
        "` should be one. Consider using one of the exported `Pod*` types from the `pina` crate.")
    );
    ::core::assert!(
        ::core::mem::align_of:: < TransferData > () == 1,
        concat!("The alignment of struct `", stringify!(TransferData),
        "` should be one so it can be used for zero-copy casts.")
    );
    ::core::assert!(
        ::core::mem::size_of:: < TransferData > () == (0usize + ::core::mem::size_of:: <
        [u8; OpCode::BYTES] > () + ::core::mem::size_of:: < PodU64 > () +
        ::core::mem::size_of:: < [u8; 32] > ()), concat!("`", stringify!(TransferData),
        "` layout is padded. `#[pina]` discriminator-first zero-copy layouts must be tightly packed.")
    );
};
impl TransferData {
    pub fn to_bytes(&self) -> <Self as ::pina::PinaToBytes>::Bytes {
        <Self as ::pina::PinaToBytes>::to_bytes(self)
    }
    pub fn try_from_bytes(data: &[u8]) -> Result<&Self, ::pina::ProgramError> {
        if data.len() != ::core::mem::size_of::<Self>() {
            return Err(::pina::ProgramError::InvalidInstructionData);
        }
        <Self as ::pina::ZeroPodFixed>::from_bytes(data)
            .map_err(|_| ::pina::ProgramError::InvalidInstructionData)
    }
    pub fn builder() -> TransferDataBuilderType {
        let mut bytes = [0u8; OpCode::BYTES];
        <Self as ::pina::HasDiscriminator>::VALUE.write_discriminator(&mut bytes);
        Self::__builder().discriminator(bytes)
    }
}
impl ::pina::HasDiscriminator for TransferData {
    type Type = OpCode;
    const VALUE: Self::Type = OpCode::DoTransfer;
}
const _: fn() = || {
    fn assert_zc_elem<T: ::pina::ZcElem>() {}
    assert_zc_elem::<[u8; OpCode::BYTES]>();
    assert_zc_elem::<PodU64>();
    assert_zc_elem::<[u8; 32]>();
};
impl ::pina::PinaSerialize for TransferData {
    fn write_bytes(&self, output: &mut [u8]) {
        ::core::assert!(output.len() == ::core::mem::size_of:: < Self > ());
        output.fill(0);
        let mut offset = 0usize;
        let field_size = ::core::mem::size_of::<[u8; OpCode::BYTES]>();
        <[u8; OpCode::BYTES] as ::pina::PinaSerialize>::write_bytes(
            &self.discriminator,
            &mut output[offset..offset + field_size],
        );
        offset += field_size;
        let field_size = ::core::mem::size_of::<PodU64>();
        <PodU64 as ::pina::PinaSerialize>::write_bytes(
            &self.amount,
            &mut output[offset..offset + field_size],
        );
        offset += field_size;
        let field_size = ::core::mem::size_of::<[u8; 32]>();
        <[u8; 32] as ::pina::PinaSerialize>::write_bytes(
            &self.destination,
            &mut output[offset..offset + field_size],
        );
        offset += field_size;
        ::core::debug_assert!(offset == output.len());
    }
}
impl ::pina::PinaToBytes for TransferData {
    type Bytes = [u8; ::core::mem::size_of::<TransferData>()];
    fn zeroed_bytes() -> Self::Bytes {
        [0u8; ::core::mem::size_of::<TransferData>()]
    }
}
impl ::pina::ZcValidate for TransferData {
    fn validate_ref(value: &Self) -> Result<(), ::pina::ZeroPodError> {
        <[u8; OpCode::BYTES] as ::pina::ZcValidate>::validate_ref(&value.discriminator)?;
        <PodU64 as ::pina::ZcValidate>::validate_ref(&value.amount)?;
        <[u8; 32] as ::pina::ZcValidate>::validate_ref(&value.destination)?;
        Ok(())
    }
}
#[allow(unsafe_code)]
unsafe impl ::pina::ZcElem for TransferData {}
impl ::pina::ZeroPodSchema for TransferData {
    const LAYOUT: ::pina::LayoutKind = ::pina::LayoutKind::Fixed;
}
impl ::pina::ZeroPodFixed for TransferData {
    type Zc = TransferData;
    const SIZE: usize = ::core::mem::size_of::<TransferData>();
    fn from_bytes(data: &[u8]) -> Result<&Self::Zc, ::pina::ZeroPodError> {
        <Self as ::pina::ZeroPodFixed>::validate(data)?;
        Ok(unsafe { &*(data.as_ptr() as *const Self::Zc) })
    }
    fn from_bytes_mut(data: &mut [u8]) -> Result<&mut Self::Zc, ::pina::ZeroPodError> {
        <Self as ::pina::ZeroPodFixed>::validate(data)?;
        Ok(unsafe { &mut *(data.as_mut_ptr() as *mut Self::Zc) })
    }
    fn validate(data: &[u8]) -> Result<(), ::pina::ZeroPodError> {
        if data.len() < Self::SIZE {
            return Err(::pina::ZeroPodError::BufferTooSmall);
        }
        let zc = unsafe { &*(data.as_ptr() as *const Self::Zc) };
        <Self::Zc as ::pina::ZcValidate>::validate_ref(zc)?;
        Ok(())
    }
    unsafe fn from_bytes_unchecked(data: &[u8]) -> &Self::Zc {
        &*(data.as_ptr() as *const Self::Zc)
    }
    unsafe fn from_bytes_mut_unchecked(data: &mut [u8]) -> &mut Self::Zc {
        &mut *(data.as_mut_ptr() as *mut Self::Zc)
    }
}
impl ::pina::ZcField for TransferData {
    type Pod = TransferData;
    const POD_SIZE: usize = ::core::mem::size_of::<TransferData>();
}
