---
source: crates/pina_macros/src/tests.rs
expression: output
---
impl<'a> ::pina::ParseAccounts<'a> for MakeAccounts<'a> {
    fn parse_accounts(
        cursor: &mut ::pina::AccountsCursor<'a>,
    ) -> ::core::result::Result<Self, ::pina::ProgramError> {
        let maker = cursor.next_mut()?;
        let escrow = cursor.next_mut_opt()?;
        let witness = cursor.next_opt()?;
        let system_program = cursor.next()?;
        Ok(Self {
            maker,
            escrow,
            witness,
            system_program,
        })
    }
}
impl<'a> ::pina::TryFromAccountInfos<'a> for MakeAccounts<'a> {
    fn try_from_account_infos(
        program_id: &::pina::Address,
        accounts: &'a mut [::pina::AccountView],
    ) -> ::core::result::Result<Self, ::pina::ProgramError> {
        let mut cursor = ::pina::AccountsCursor::new(*program_id, accounts);
        let parsed = <Self as ::pina::ParseAccounts>::parse_accounts(&mut cursor)?;
        cursor.finish_exact()?;
        Ok(parsed)
    }
}
impl<'a> ::core::convert::TryFrom<(&'a ::pina::Address, &'a mut [::pina::AccountView])>
for MakeAccounts<'a> {
    type Error = ::pina::ProgramError;
    fn try_from(
        (program_id, accounts): (&'a ::pina::Address, &'a mut [::pina::AccountView]),
    ) -> ::core::result::Result<Self, Self::Error> {
        <Self as ::pina::TryFromAccountInfos>::try_from_account_infos(
            program_id,
            accounts,
        )
    }
}
