---
source: crates/pina_macros/src/tests.rs
expression: output
---
#[derive(::pina::zeropod::ZeroPod)]
pub struct ConfigState {
    discriminator: [u8; MyAccount::BYTES],
    pub version: u8,
    pub bump: u8,
}
impl ConfigState {
    /// The exact number of bytes required by the zeropod representation.
    pub const SIZE: usize = <Self as ::pina::ZeroPodFixed>::SIZE;
    /// Validate `data` and return zeropod's immutable zero-copy companion.
    pub fn try_from_bytes(
        data: &[u8],
    ) -> Result<&<Self as ::pina::ZeroPodFixed>::Zc, ::pina::ProgramError> {
        if data.len() != Self::SIZE
            || !<Self as ::pina::HasDiscriminator>::matches_discriminator(data)
        {
            return Err(::pina::ProgramError::InvalidAccountData);
        }
        <Self as ::pina::ZeroPodFixed>::from_bytes(data)
            .map_err(|_| ::pina::ProgramError::InvalidAccountData)
    }
    /// Initialize caller-owned storage and return its mutable zero-copy view.
    ///
    /// The complete slice is initialized before zeropod validates it. The
    /// returned borrow prevents the caller from observing or changing the raw
    /// bytes while the typed view is live.
    ///
    /// Every non-discriminator field must accept an all-zero representation.
    /// In particular, an enum stored directly in this schema needs a variant
    /// with discriminant zero. Schemas without a valid zero state return the
    /// generated invalid-data error instead of exposing an unvalidated view.
    ///
    /// # Errors
    ///
    /// Returns the generated invalid-data error when `data` has the wrong
    /// length or zeroed storage is not a valid zeropod representation.
    pub fn initialize(
        data: &mut [u8],
    ) -> Result<&mut <Self as ::pina::ZeroPodFixed>::Zc, ::pina::ProgramError> {
        if data.len() != Self::SIZE {
            return Err(::pina::ProgramError::InvalidAccountData);
        }
        data.fill(0);
        <Self as ::pina::HasDiscriminator>::write_discriminator(data);
        <Self as ::pina::ZeroPodFixed>::from_bytes_mut(data)
            .map_err(|_| ::pina::ProgramError::InvalidAccountData)
    }
}
impl ::pina::HasDiscriminator for ConfigState {
    type Type = MyAccount;
    const VALUE: Self::Type = MyAccount::ConfigState;
}
impl ::pina::AccountValidation for ConfigStateZc {
    #[track_caller]
    fn assert<F>(&self, condition: F) -> Result<&Self, ::pina::ProgramError>
    where
        F: Fn(&Self) -> bool,
    {
        if condition(self) {
            return Ok(self);
        }
        ::pina::log!("Account is invalid");
        ::pina::log_caller();
        Err(::pina::ProgramError::InvalidAccountData)
    }
    #[track_caller]
    fn assert_msg<F>(
        &self,
        condition: F,
        msg: &str,
    ) -> Result<&Self, ::pina::ProgramError>
    where
        F: Fn(&Self) -> bool,
    {
        match ::pina::assert(
            condition(self),
            ::pina::ProgramError::InvalidAccountData,
            msg,
        ) {
            Err(err) => Err(err),
            Ok(()) => Ok(self),
        }
    }
    #[track_caller]
    fn assert_mut<F>(&mut self, condition: F) -> Result<&mut Self, ::pina::ProgramError>
    where
        F: Fn(&Self) -> bool,
    {
        if condition(self) {
            return Ok(self);
        }
        ::pina::log!("Account is invalid");
        ::pina::log_caller();
        Err(::pina::ProgramError::InvalidAccountData)
    }
    #[track_caller]
    fn assert_mut_msg<F>(
        &mut self,
        condition: F,
        msg: &str,
    ) -> Result<&mut Self, ::pina::ProgramError>
    where
        F: Fn(&Self) -> bool,
    {
        match ::pina::assert(
            condition(self),
            ::pina::ProgramError::InvalidAccountData,
            msg,
        ) {
            Err(err) => Err(err),
            Ok(()) => Ok(self),
        }
    }
}
impl ::pina::PinaAccount for ConfigState {}
