---
source: crates/pina_macros/src/tests.rs
expression: output
---
#[derive(::pina::zeropod::ZeroPod)]
pub struct LargeState {
    discriminator: [u8; MyAccount::BYTES],
    pub authority: [u8; 32],
    pub bump: u8,
    pub treasury_bump: u8,
    pub mint_bump: u8,
    pub version: u8,
    pub padding: [u8; 3],
    pub total_supply: PodU64,
    pub name: [u8; 32],
}
const _: fn([u8; 32]) -> [::core::primitive::u8; 32] = |value| value;
const _: fn() = || {
    fn assert_mapping<T: ::pina::ZcField<Pod = [::core::primitive::u8; 32]>>() {}
    fn assert_storage<T: ::pina::ZcElem>() {}
    assert_mapping::<[u8; 32]>();
    assert_storage::<[::core::primitive::u8; 32]>();
};
const _: () = {
    ::core::assert!(::core::mem::align_of:: < [::core::primitive::u8; 32] > () == 1);
    ::core::assert!(
        ::core::mem::size_of:: < [::core::primitive::u8; 32] > () == < [u8; 32] as
        ::pina::ZcField > ::POD_SIZE,
    );
};
const _: fn(u8) -> ::core::primitive::u8 = |value| value;
const _: fn() = || {
    fn assert_mapping<T: ::pina::ZcField<Pod = ::core::primitive::u8>>() {}
    fn assert_storage<T: ::pina::ZcElem>() {}
    assert_mapping::<u8>();
    assert_storage::<::core::primitive::u8>();
};
const _: () = {
    ::core::assert!(::core::mem::align_of:: < ::core::primitive::u8 > () == 1);
    ::core::assert!(
        ::core::mem::size_of:: < ::core::primitive::u8 > () == < u8 as ::pina::ZcField >
        ::POD_SIZE,
    );
};
const _: fn(u8) -> ::core::primitive::u8 = |value| value;
const _: fn() = || {
    fn assert_mapping<T: ::pina::ZcField<Pod = ::core::primitive::u8>>() {}
    fn assert_storage<T: ::pina::ZcElem>() {}
    assert_mapping::<u8>();
    assert_storage::<::core::primitive::u8>();
};
const _: () = {
    ::core::assert!(::core::mem::align_of:: < ::core::primitive::u8 > () == 1);
    ::core::assert!(
        ::core::mem::size_of:: < ::core::primitive::u8 > () == < u8 as ::pina::ZcField >
        ::POD_SIZE,
    );
};
const _: fn(u8) -> ::core::primitive::u8 = |value| value;
const _: fn() = || {
    fn assert_mapping<T: ::pina::ZcField<Pod = ::core::primitive::u8>>() {}
    fn assert_storage<T: ::pina::ZcElem>() {}
    assert_mapping::<u8>();
    assert_storage::<::core::primitive::u8>();
};
const _: () = {
    ::core::assert!(::core::mem::align_of:: < ::core::primitive::u8 > () == 1);
    ::core::assert!(
        ::core::mem::size_of:: < ::core::primitive::u8 > () == < u8 as ::pina::ZcField >
        ::POD_SIZE,
    );
};
const _: fn(u8) -> ::core::primitive::u8 = |value| value;
const _: fn() = || {
    fn assert_mapping<T: ::pina::ZcField<Pod = ::core::primitive::u8>>() {}
    fn assert_storage<T: ::pina::ZcElem>() {}
    assert_mapping::<u8>();
    assert_storage::<::core::primitive::u8>();
};
const _: () = {
    ::core::assert!(::core::mem::align_of:: < ::core::primitive::u8 > () == 1);
    ::core::assert!(
        ::core::mem::size_of:: < ::core::primitive::u8 > () == < u8 as ::pina::ZcField >
        ::POD_SIZE,
    );
};
const _: fn([u8; 3]) -> [::core::primitive::u8; 3] = |value| value;
const _: fn() = || {
    fn assert_mapping<T: ::pina::ZcField<Pod = [::core::primitive::u8; 3]>>() {}
    fn assert_storage<T: ::pina::ZcElem>() {}
    assert_mapping::<[u8; 3]>();
    assert_storage::<[::core::primitive::u8; 3]>();
};
const _: () = {
    ::core::assert!(::core::mem::align_of:: < [::core::primitive::u8; 3] > () == 1);
    ::core::assert!(
        ::core::mem::size_of:: < [::core::primitive::u8; 3] > () == < [u8; 3] as
        ::pina::ZcField > ::POD_SIZE,
    );
};
const _: fn(PodU64) -> ::pina::PodU64 = |value| value;
const _: fn() = || {
    fn assert_mapping<T: ::pina::ZcField<Pod = ::pina::PodU64>>() {}
    fn assert_storage<T: ::pina::ZcElem>() {}
    assert_mapping::<PodU64>();
    assert_storage::<::pina::PodU64>();
};
const _: () = {
    ::core::assert!(::core::mem::align_of:: < ::pina::PodU64 > () == 1);
    ::core::assert!(
        ::core::mem::size_of:: < ::pina::PodU64 > () == < PodU64 as ::pina::ZcField >
        ::POD_SIZE,
    );
};
const _: fn([u8; 32]) -> [::core::primitive::u8; 32] = |value| value;
const _: fn() = || {
    fn assert_mapping<T: ::pina::ZcField<Pod = [::core::primitive::u8; 32]>>() {}
    fn assert_storage<T: ::pina::ZcElem>() {}
    assert_mapping::<[u8; 32]>();
    assert_storage::<[::core::primitive::u8; 32]>();
};
const _: () = {
    ::core::assert!(::core::mem::align_of:: < [::core::primitive::u8; 32] > () == 1);
    ::core::assert!(
        ::core::mem::size_of:: < [::core::primitive::u8; 32] > () == < [u8; 32] as
        ::pina::ZcField > ::POD_SIZE,
    );
};
const _: fn() = || {
    fn assert_storage<T: ::pina::ZcElem>() {}
    assert_storage::<LargeStateZc>();
};
const _: () = {
    ::core::assert!(::core::mem::align_of:: < LargeStateZc > () == 1);
    ::core::assert!(
        ::core::mem::size_of:: < LargeStateZc > () == MyAccount::BYTES +
        ::core::mem::size_of:: < [::core::primitive::u8; 32] > () +
        ::core::mem::size_of:: < ::core::primitive::u8 > () + ::core::mem::size_of:: <
        ::core::primitive::u8 > () + ::core::mem::size_of:: < ::core::primitive::u8 > ()
        + ::core::mem::size_of:: < ::core::primitive::u8 > () + ::core::mem::size_of:: <
        [::core::primitive::u8; 3] > () + ::core::mem::size_of:: < ::pina::PodU64 > () +
        ::core::mem::size_of:: < [::core::primitive::u8; 32] > ()
    );
};
impl LargeState {
    /// The exact number of bytes required by the zeropod representation.
    pub const SIZE: usize = <Self as ::pina::ZeroPodFixed>::SIZE;
    /// Validate `data` and return zeropod's immutable zero-copy companion.
    pub fn try_from_bytes(
        data: &[u8],
    ) -> Result<&<Self as ::pina::ZeroPodFixed>::Zc, ::pina::ProgramError> {
        if data.len() != Self::SIZE
            || !<Self as ::pina::HasDiscriminator>::matches_discriminator(data)
        {
            return Err(::pina::ProgramError::InvalidAccountData);
        }
        <Self as ::pina::ZeroPodFixed>::from_bytes(data)
            .map_err(|_| ::pina::ProgramError::InvalidAccountData)
    }
    /// Initialize caller-owned storage and return its mutable zero-copy view.
    ///
    /// The complete slice is initialized before zeropod validates it. The
    /// returned borrow prevents the caller from observing or changing the raw
    /// bytes while the typed view is live.
    ///
    /// Every accepted field has an audited all-zero representation. The macro
    /// rejects custom types and other layouts whose zero state cannot be
    /// established by Pina's closed schema grammar.
    ///
    /// # Errors
    ///
    /// Returns the generated invalid-data error when `data` has the wrong
    /// length or zeroed storage is not a valid zeropod representation.
    pub fn initialize(
        data: &mut [u8],
    ) -> Result<&mut <Self as ::pina::ZeroPodFixed>::Zc, ::pina::ProgramError> {
        if data.len() != Self::SIZE {
            return Err(::pina::ProgramError::InvalidAccountData);
        }
        data.fill(0);
        <Self as ::pina::HasDiscriminator>::write_discriminator(data);
        <Self as ::pina::ZeroPodFixed>::from_bytes_mut(data)
            .map_err(|_| ::pina::ProgramError::InvalidAccountData)
    }
}
impl ::pina::HasDiscriminator for LargeState {
    type Type = MyAccount;
    const VALUE: Self::Type = MyAccount::LargeState;
}
impl ::pina::AccountValidation for LargeStateZc {
    #[track_caller]
    fn assert<F>(&self, condition: F) -> Result<&Self, ::pina::ProgramError>
    where
        F: Fn(&Self) -> bool,
    {
        if condition(self) {
            return Ok(self);
        }
        ::pina::log!("Account is invalid");
        ::pina::log_caller();
        Err(::pina::ProgramError::InvalidAccountData)
    }
    #[track_caller]
    fn assert_msg<F>(
        &self,
        condition: F,
        msg: &str,
    ) -> Result<&Self, ::pina::ProgramError>
    where
        F: Fn(&Self) -> bool,
    {
        match ::pina::assert(
            condition(self),
            ::pina::ProgramError::InvalidAccountData,
            msg,
        ) {
            Err(err) => Err(err),
            Ok(()) => Ok(self),
        }
    }
    #[track_caller]
    fn assert_mut<F>(&mut self, condition: F) -> Result<&mut Self, ::pina::ProgramError>
    where
        F: Fn(&Self) -> bool,
    {
        if condition(self) {
            return Ok(self);
        }
        ::pina::log!("Account is invalid");
        ::pina::log_caller();
        Err(::pina::ProgramError::InvalidAccountData)
    }
    #[track_caller]
    fn assert_mut_msg<F>(
        &mut self,
        condition: F,
        msg: &str,
    ) -> Result<&mut Self, ::pina::ProgramError>
    where
        F: Fn(&Self) -> bool,
    {
        match ::pina::assert(
            condition(self),
            ::pina::ProgramError::InvalidAccountData,
            msg,
        ) {
            Err(err) => Err(err),
            Ok(()) => Ok(self),
        }
    }
}
impl ::pina::PinaAccount for LargeState {}
