• Validating lock
✓ Validating lock in 2.72ms
  evaluating file '«nix-internal»/derivation-internal.nix'
• Configuring shell
• Configuring cachix
• Downloading https://cache.flakehub.com/nix-cache-info
✓ Downloading https://cache.flakehub.com/nix-cache-info in 1.58s
  [35;1mwarning:[0m unable to download '[35;1mhttps://cache.flakehub.com/nix-cache-info[0m': HTTP error [35;1m401[0m[35;1m[0m
  
           response body:
  
           [35;1mFailed to auth to FlakeHub (status code 401 Unauthorized): The provided token has expired. To create a new one, run `determinate-nixd login` again or visit https://flakehub.com/token/create in your browser.[0m
✓ Configuring cachix in 1.58s
• Evaluating shell
• [35;1mevaluation warning:[0m stdenv.isDarwin is deprecated, use stdenv.hostPlatform.isDarwin instead
• [35;1mevaluation warning:[0m stdenv.isLinux is deprecated, use stdenv.hostPlatform.isLinux instead
• [35;1mevaluation warning:[0m nixfmt-rfc-style is now the same as pkgs.nixfmt which should be used instead.
• [35;1mevaluation warning:[0m nixfmt-rfc-style is now the same as pkgs.nixfmt which should be used instead.
• [35;1mevaluation warning:[0m stdenv.isDarwin is deprecated, use stdenv.hostPlatform.isDarwin instead
• [35;1mevaluation warning:[0m stdenv.isLinux is deprecated, use stdenv.hostPlatform.isLinux instead
• Downloading https://cache.flakehub.com/nix-cache-info
✓ Downloading https://cache.flakehub.com/nix-cache-info in 1.27s
• Building coverage-all-script
• Building devenv-files-cleanup
• Building docs-api-script
• Building security-pina-lint-script
• Building test-all-script
• Building test-fuzz-smoke-script
• Building test-idl-script
  structuredAttrs is enabled
  structuredAttrs is enabled
• Building docs-check-script
• Building lint-clippy-script
• Building lint-push-script
• Building security-npm-audit-script
• Building security-zizmor-script
• Building verify-docs-script
• Building verify-idls-script
✓ Building coverage-all-script in 411ms
✓ Building devenv-files-cleanup in 281ms
  structuredAttrs is enabled
✓ Building lint-clippy-script in 10.3ms
✓ Building security-pina-lint-script in 26.4ms
• Building lint-clippy-script
• Building security-pina-lint-script
✓ Building test-all-script in 300ms
✓ Building test-fuzz-smoke-script in 300ms
• Building test-all-script
• Building test-fuzz-smoke-script
• Building coverage-all
✓ Building docs-api-script in 435ms
  structuredAttrs is enabled
✓ Building test-all-script in 7.96ms
• Building test-all-script
✓ Building test-fuzz-smoke-script in 135ms
• Building test-fuzz-smoke-script
• Building docs-api
✓ Building lint-clippy-script in 419ms
  structuredAttrs is enabled
✓ Building test-fuzz-smoke-script in 7.72ms
✓ Building docs-api in 6.45ms
• Building test-fuzz-smoke-script
• Building docs-api
• Building lint-clippy
✓ Building security-pina-lint-script in 431ms
  structuredAttrs is enabled
✓ Building docs-api in 9.30ms
• Building docs-api
✓ Building test-idl-script in 712ms
• Building test-idl-script
• Building security-pina-lint
✓ Building test-all-script in 412ms
  structuredAttrs is enabled
✓ Building test-idl-script in 8.29ms
✓ Building docs-check-script in 706ms
• Building test-idl-script
• Building docs-check-script
• Building test-all
  structuredAttrs is enabled
✓ Building test-fuzz-smoke-script in 411ms
✓ Building docs-check-script in 7.57ms
• Building docs-check-script
✓ Building lint-clippy in 413ms
• Building lint-clippy
• Building test-fuzz-smoke
✓ Building docs-api in 420ms
  structuredAttrs is enabled
✓ Building lint-clippy in 11.9ms
• Building lint-clippy
✓ Building test-all in 282ms
• Building test-all
  structuredAttrs is enabled
✓ Building test-idl-script in 417ms
✓ Building test-all in 5.69ms
• Building test-all
✓ Building test-fuzz-smoke in 270ms
• Building test-fuzz-smoke
• Building test-idl
✓ Building docs-check-script in 414ms
  structuredAttrs is enabled
✓ Building test-fuzz-smoke in 7.06ms
✓ Building lint-push-script in 1.26s
• Building test-fuzz-smoke
• Building lint-push-script
• Building docs-check
✓ Building lint-clippy in 401ms
  structuredAttrs is enabled
✓ Building lint-push-script in 8.37ms
• Building lint-push-script
✓ Building verify-idls-script in 1.51s
• Building verify-idls-script
✓ Building test-all in 399ms
  structuredAttrs is enabled
✓ Building verify-idls-script in 9.93ms
✓ Building verify-docs-script in 1.52s
• Building verify-idls-script
• Building verify-docs-script
  structuredAttrs is enabled
✓ Building test-fuzz-smoke in 447ms
✓ Building verify-docs-script in 6.28ms
✓ Building security-zizmor-script in 1.70s
• Building verify-docs-script
• Building security-zizmor-script
✓ Building lint-push-script in 456ms
  structuredAttrs is enabled
✓ Building security-zizmor-script in 5.61ms
✓ Building security-npm-audit-script in 1.84s
• Building security-zizmor-script
• Building security-npm-audit-script
• Building lint-push
  structuredAttrs is enabled
✓ Building verify-idls-script in 455ms
✓ Building lint-push in 5.47ms
• Building lint-push
✓ Building security-npm-audit-script in 132ms
• Building security-npm-audit-script
• Building verify-idls
  structuredAttrs is enabled
✓ Building verify-docs-script in 406ms
✓ Building verify-idls in 6.27ms
✓ Building security-npm-audit-script in 7.60ms
• Building verify-idls
• Building security-npm-audit-script
• Building verify-docs
  structuredAttrs is enabled
✓ Building security-zizmor-script in 402ms
✓ Building security-npm-audit-script in 7.93ms
✓ Building docs-check in 866ms
• Building security-npm-audit-script
• Building docs-check
• Building security-zizmor
✓ Building lint-push in 401ms
  structuredAttrs is enabled
✓ Building security-zizmor in 5.61ms
✓ Building docs-check in 7.94ms
• Building security-zizmor
• Building docs-check
  structuredAttrs is enabled
✓ Building verify-idls in 397ms
✓ Building docs-check in 5.27ms
• Building docs-check
✓ Building test-idl in 1.38s
• Building test-idl
✓ Building security-npm-audit-script in 390ms
  structuredAttrs is enabled
✓ Building test-idl in 6.16ms
✓ Building coverage-all in 2.35s
• Building test-idl
• Building coverage-all
• Building security-npm-audit
  structuredAttrs is enabled
✓ Building security-zizmor in 389ms
✓ Building security-npm-audit in 5.29ms
✓ Building coverage-all in 6.51ms
• Building security-npm-audit
• Building coverage-all
✓ Building docs-check in 390ms
  structuredAttrs is enabled
✓ Building coverage-all in 6.06ms
• Building coverage-all
✓ Building verify-docs in 781ms
• Building verify-docs
  structuredAttrs is enabled
✓ Building test-idl in 390ms
✓ Building verify-docs in 5.54ms
✓ Building security-pina-lint in 2.33s
• Building verify-docs
• Building security-pina-lint
  structuredAttrs is enabled
✓ Building security-npm-audit in 388ms
✓ Building security-pina-lint in 5.20ms
• Building security-pina-lint
✓ Building coverage-all in 388ms
  structuredAttrs is enabled
✓ Building verify-docs in 264ms
  structuredAttrs is enabled
✓ Building security-pina-lint in 166ms
• Building devenv-profile
  structuredAttrs is enabled
  pkgs.buildEnv warning: colliding subpath (ignored): `/nix/store/qrxd9pq382bpcg6sbygi38mlz4r76v1f-llvm-binutils-wrapper-21.1.8/bin/strip' and `/nix/store/r2rxcj66b6jkyzn68pk42frmh8zybzkp-gcc-wrapper-15.3.0/bin/strip'
  pkgs.buildEnv warning: colliding subpath (ignored): `/nix/store/qrxd9pq382bpcg6sbygi38mlz4r76v1f-llvm-binutils-wrapper-21.1.8/bin/ld' and `/nix/store/r2rxcj66b6jkyzn68pk42frmh8zybzkp-gcc-wrapper-15.3.0/bin/ld'
  pkgs.buildEnv warning: colliding subpath (ignored): `/nix/store/qrxd9pq382bpcg6sbygi38mlz4r76v1f-llvm-binutils-wrapper-21.1.8/bin/ranlib' and `/nix/store/r2rxcj66b6jkyzn68pk42frmh8zybzkp-gcc-wrapper-15.3.0/bin/ranlib'
  pkgs.buildEnv warning: colliding subpath (ignored): `/nix/store/2yfrcmkvspsrjhj283gdawqp37aghxva-clang-wrapper-21.1.8/bin/c++' and `/nix/store/r2rxcj66b6jkyzn68pk42frmh8zybzkp-gcc-wrapper-15.3.0/bin/c++'
  pkgs.buildEnv warning: colliding subpath (ignored): `/nix/store/2yfrcmkvspsrjhj283gdawqp37aghxva-clang-wrapper-21.1.8/bin/strip' and `/nix/store/r2rxcj66b6jkyzn68pk42frmh8zybzkp-gcc-wrapper-15.3.0/bin/strip'
  pkgs.buildEnv warning: colliding subpath (ignored): `/nix/store/2yfrcmkvspsrjhj283gdawqp37aghxva-clang-wrapper-21.1.8/bin/ld' and `/nix/store/r2rxcj66b6jkyzn68pk42frmh8zybzkp-gcc-wrapper-15.3.0/bin/ld'
  pkgs.buildEnv warning: colliding subpath (ignored): `/nix/store/2yfrcmkvspsrjhj283gdawqp37aghxva-clang-wrapper-21.1.8/bin/cpp' and `/nix/store/r2rxcj66b6jkyzn68pk42frmh8zybzkp-gcc-wrapper-15.3.0/bin/cpp'
  pkgs.buildEnv warning: colliding subpath (ignored): `/nix/store/2yfrcmkvspsrjhj283gdawqp37aghxva-clang-wrapper-21.1.8/bin/cc' and `/nix/store/r2rxcj66b6jkyzn68pk42frmh8zybzkp-gcc-wrapper-15.3.0/bin/cc'
  pkgs.buildEnv warning: colliding subpath (ignored): `/nix/store/6l30l0dgk1vscbvbrbg4nj6889c74ci1-zstd-1.5.7/bin/pzstd' and `/nix/store/1ak7kh6gxirfpwj19n4pz7qcyvs8x8ii-zstd-1.5.7-bin/bin/pzstd'
  created 8519 symlinks in user environment
✓ Building devenv-profile in 2.29s
• Building pre-commit-config.json
✓ Building pre-commit-config.json in 190ms
• Building devenv-files
  structuredAttrs is enabled
✓ Building devenv-files in 173ms
• Building tasks.json
  structuredAttrs is enabled
✓ Building tasks.json in 180ms
• Building devenv-shell
  Running phase: buildPhase
✓ Building devenv-shell in 1.13s
• Building devenv-shell-env
✓ Building devenv-shell-env in 1.27s
✓ Evaluating shell in 18.6s
✓ Configuring shell in 20.2s
• Evaluating bash
✓ Evaluating bash in 3.17ms
• Loading tasks
• Evaluating devenv.config.task.config
✓ Evaluating devenv.config.task.config in 3.16ms
✓ Loading tasks in 3.59ms
• Running tasks
• Running devenv:files:cleanup
✓ Running devenv:files:cleanup in 1.25s
• Running devenv:files
✓ Running devenv:files in 1.07s
• Running devenv:git-hooks:install
✓ Running devenv:git-hooks:install in 119ms
• Running devenv:enterShell
• Running devenv:git-hooks:run
✓ Running devenv:enterShell in 25.5ms
✓ Running devenv:git-hooks:run in 20.3s
• Running devenv:enterTest
✓ Running devenv:enterTest in 833ns (no command)
✓ Running tasks in 22.7s
Building account_realloc_program for Surfpool
   Compiling proc-macro2 v1.0.107
   Compiling quote v1.0.47
   Compiling unicode-ident v1.0.26
   Compiling five8_core v1.0.0
   Compiling typenum v1.20.1
   Compiling solana-hash v4.5.0
   Compiling serde_core v1.0.229
   Compiling solana-define-syscall v4.0.1
   Compiling zmij v1.0.23
   Compiling sha2-const-stable v0.1.0
   Compiling libc v0.2.189
   Compiling solana-define-syscall v5.2.0
   Compiling solana-sha256-hasher v3.1.0
   Compiling five8 v1.0.0
   Compiling five8_const v1.0.0
   Compiling solana-program-error v3.0.1
   Compiling serde v1.0.229
   Compiling winnow v1.0.4
   Compiling hashbrown v0.17.1
   Compiling ref-cast v1.0.27
   Compiling solana-address v2.6.1
   Compiling equivalent v1.0.2
   Compiling serde_json v1.0.151
   Compiling memchr v2.8.3
   Compiling indexmap v2.14.2
   Compiling hybrid-array v0.4.15
   Compiling const-oid v0.10.2
   Compiling strsim v0.11.1
   Compiling toml_parser v1.1.3+spec-1.1.0
   Compiling toml_datetime v1.1.1+spec-1.1.0
   Compiling ident_case v1.0.1
   Compiling itoa v1.0.18
   Compiling block-buffer v0.12.1
   Compiling crypto-common v0.2.2
   Compiling solana-account-view v2.0.0
   Compiling cfg-if v1.0.5
   Compiling dyn-clone v1.0.20
   Compiling solana-instruction-view v2.1.0
   Compiling toml_edit v0.25.15+spec-1.1.0
   Compiling semver v1.0.28
   Compiling pinocchio v0.11.2
   Compiling heck v0.5.0
   Compiling pinocchio-system v0.6.1
   Compiling account_realloc_program v0.0.0 (/Users/ifiokjr/Developer/projects/pina-rs/pina/worktrees/fix-sweep-findings-2026-09-20/examples/account_realloc_program)
   Compiling pastey v0.2.3
   Compiling proc-macro-crate v3.5.0
   Compiling digest v0.11.3
   Compiling syn v3.0.6
   Compiling cpufeatures v0.3.1
   Compiling sha2 v0.11.0
   Compiling serde_derive_internals v0.30.0
   Compiling darling_core v0.24.1
   Compiling serde_derive v1.0.229
   Compiling ref-cast-impl v1.0.27
   Compiling pinapod-derive v0.4.1
   Compiling schemars_derive v1.2.2
   Compiling darling_macro v0.24.1
   Compiling darling v0.24.1
   Compiling pinapod v0.4.1
   Compiling schemars v1.2.2
   Compiling pina_abi v0.19.0 (/Users/ifiokjr/Developer/projects/pina-rs/pina/worktrees/fix-sweep-findings-2026-09-20/crates/pina_abi)
   Compiling pina_macros v0.19.0 (/Users/ifiokjr/Developer/projects/pina-rs/pina/worktrees/fix-sweep-findings-2026-09-20/crates/pina_macros)
error: unexpected closing delimiter: `}`
   --> crates/pina_macros/src/accounts.rs:381:1
    |
338 |     quote! {
    |            - this delimiter might not be properly closed...
...
353 |         }
    |         - ...as it matches this but it has different indentation
...
381 | }
    | ^ unexpected closing delimiter

error: could not compile `pina_macros` (lib) due to 1 previous error
