---
source: crates/pina_cli/tests/cli_snapshots.rs
info:
  program: pina
  args:
    - codama
    - generate
    - "--examples-dir"
    - examples
    - "--idls-dir"
    - target/cli-snapshot-temp/codama_generate_unknown_example/idls
    - "--rust-out"
    - target/cli-snapshot-temp/codama_generate_unknown_example/rust
    - "--js-out"
    - target/cli-snapshot-temp/codama_generate_unknown_example/js
    - "--dart-out"
    - target/cli-snapshot-temp/codama_generate_unknown_example/dart
    - "--example"
    - does_not_exist
    - "--npx"
    - target/cli-snapshot-temp/codama_generate_unknown_example/fake-npx.sh
---
success: false
exit_code: 1
----- stdout -----

----- stderr -----
[1m[31mError[39m[0m Unknown example `does_not_exist`. Available examples: account_realloc, compact_accounts, counter_program, custom_errors, declare_id, declare_program, duplicate_mutable_accounts, escrow_program, events, float_accounts, hello_solana, optional_accounts_program, pina_bpf, profile_program, prop_amm_program, role_registry_program, staking_rewards_program, system_accounts, sysvar_checks, todo_program, transfer_sol, vesting_program
