---
source: crates/pina_cli/tests/cli_snapshots.rs
info:
  program: pina
  args:
    - "--help"
---
success: true
exit_code: 0
----- stdout -----
Build, inspect, and generate artifacts for Pina Solana programs.

Use 'pina init' to start a program, 'pina build' for its SBF binary and IDL, and 'pina generate' for selected client ecosystems. Use 'pina build --verify' and 'pina verify' for reproducible deployed-program verification. Low-level IDL, profiling, terminal documentation, and the legacy repository-wide Codama workflow remain available.

Usage: pina <COMMAND>

Commands:
  build
          Build the current Pina program for SBF and generate its IDL
  generate
          Generate configured clients for the current Pina program
  idl
          Generate a Codama IDL from a Pina program crate
  docs
          Read bundled Pina reference documentation in the terminal
  init
          Initialize a new Pina program project
  profile
          Profile compute-unit costs in a compiled SBF program
  verify
          Verify deployed programs and publish source-build records
  codama
          Run Codama IDL and client-generation workflows
  help
          Print this message or the help of the given subcommand(s)

Options:
  -h, --help
          Print help (see a summary with '-h')

  -V, --version
          Print version

Examples:
  pina init counter_program
  cd counter_program && pina build
  pina generate --client rust --client typescript
  pina idl --path ./programs/counter_program --output ./idls/counter_program.json
  pina profile ./target/deploy/counter_program.so --json

Agent discovery:
  Run 'pina <command> --help' for command-specific inputs, outputs, and examples.
  Run 'pina docs' to list the bundled architecture and IDL reference topics.
  For deployment verification, run 'pina verify --help' and then inspect the selected leaf command.

----- stderr -----
