---
source: crates/pina_cli/tests/cli_snapshots.rs
info:
  program: pina
  args:
    - profile
    - "--help"
---
success: true
exit_code: 0
----- stdout -----
Profile compute-unit costs in a compiled SBF program.

Performs static analysis of an SBF shared object. Text is written to stdout by default. Use --json for machine-readable output and --output to write either format to a file.

Usage: pina profile [OPTIONS] <PROGRAM.SO>

Arguments:
  <PROGRAM.SO>
          Compiled SBF shared object to analyze

Options:
      --json
          Emit machine-readable JSON instead of the text report

  -o, --output <FILE>
          Write the report to FILE instead of stdout

  -h, --help
          Print help (see a summary with '-h')

Examples:
  pina profile ./target/deploy/counter_program.so
  pina profile ./target/deploy/counter_program.so --json
  pina profile ./target/deploy/counter_program.so --json -o ./profile.json

----- stderr -----
