---
source: crates/pina_cli/tests/fixtures.rs
expression: idl
---
{
  "kind": "rootNode",
  "standard": "codama",
  "version": "1.0.0",
  "program": {
    "kind": "programNode",
    "name": "minimal",
    "publicKey": "GJQcuWrT2f3f4KNuJcXhhwUa1ZQTYbxzzJ1hotzKu8hS",
    "version": "",
    "accounts": [],
    "instructions": [],
    "definedTypes": [],
    "pdas": [],
    "errors": []
  },
  "additionalPrograms": []
}
