---
source: crates/pina_cli/tests/fixtures.rs
expression: idl
---
{
  "kind": "rootNode",
  "standard": "codama",
  "version": "1.0.0",
  "program": {
    "kind": "programNode",
    "name": "singleAccount",
    "publicKey": "GJQcuWrT2f3f4KNuJcXhhwUa1ZQTYbxzzJ1hotzKu8hS",
    "version": "",
    "accounts": [
      {
        "kind": "accountNode",
        "name": "singleAccountState",
        "data": {
          "kind": "structTypeNode",
          "fields": [
            {
              "kind": "structFieldTypeNode",
              "name": "bump",
              "type": {
                "kind": "numberTypeNode",
                "format": "u8",
                "endian": "le"
              }
            },
            {
              "kind": "structFieldTypeNode",
              "name": "authority",
              "type": {
                "kind": "publicKeyTypeNode"
              }
            }
          ]
        },
        "discriminators": [
          {
            "kind": "constantDiscriminatorNode",
            "offset": 0,
            "constant": {
              "kind": "constantValueNode",
              "type": {
                "kind": "numberTypeNode",
                "format": "u8",
                "endian": "le"
              },
              "value": {
                "kind": "numberValueNode",
                "number": 7
              }
            }
          }
        ]
      }
    ],
    "instructions": [],
    "definedTypes": [],
    "pdas": [],
    "errors": []
  },
  "additionalPrograms": []
}
