---
source: crates/pina_cli/tests/fixtures.rs
expression: idl
---
{
  "kind": "rootNode",
  "standard": "codama",
  "version": "1.0.0",
  "program": {
    "kind": "programNode",
    "name": "validationKnownPrograms",
    "publicKey": "GJQcuWrT2f3f4KNuJcXhhwUa1ZQTYbxzzJ1hotzKu8hS",
    "version": "",
    "accounts": [],
    "instructions": [
      {
        "kind": "instructionNode",
        "name": "validatePrograms",
        "accounts": [
          {
            "kind": "instructionAccountNode",
            "name": "systemProgram",
            "isWritable": false,
            "isSigner": false,
            "defaultValue": {
              "kind": "publicKeyValueNode",
              "publicKey": "11111111111111111111111111111111"
            }
          },
          {
            "kind": "instructionAccountNode",
            "name": "tokenProgram",
            "isWritable": false,
            "isSigner": false,
            "defaultValue": {
              "kind": "publicKeyValueNode",
              "publicKey": "TokenkegQfeZyiNwAJbNbGKPFXCWuBvf9Ss623VQ5DA"
            }
          },
          {
            "kind": "instructionAccountNode",
            "name": "token2022Program",
            "isWritable": false,
            "isSigner": false,
            "defaultValue": {
              "kind": "publicKeyValueNode",
              "publicKey": "TokenzQdBNbLqP5VEhdkAS6EPFLC1PHnBqCXEpPxuEb"
            }
          },
          {
            "kind": "instructionAccountNode",
            "name": "associatedTokenProgram",
            "isWritable": false,
            "isSigner": false,
            "defaultValue": {
              "kind": "publicKeyValueNode",
              "publicKey": "ATokenGPvbdGVxr1b2hvZbsiqW5xWH25efTNsLJA8knL"
            }
          }
        ],
        "arguments": [],
        "discriminators": [
          {
            "kind": "constantDiscriminatorNode",
            "offset": 0,
            "constant": {
              "kind": "constantValueNode",
              "type": {
                "kind": "numberTypeNode",
                "format": "u8",
                "endian": "le"
              },
              "value": {
                "kind": "numberValueNode",
                "number": 1
              }
            }
          }
        ]
      }
    ],
    "definedTypes": [],
    "pdas": [],
    "errors": []
  },
  "additionalPrograms": []
}
