---
source: crates/pina_cli/tests/fixtures.rs
expression: idl
---
{
  "kind": "rootNode",
  "standard": "codama",
  "version": "1.0.0",
  "program": {
    "kind": "programNode",
    "name": "multipleInstructions",
    "publicKey": "GJQcuWrT2f3f4KNuJcXhhwUa1ZQTYbxzzJ1hotzKu8hS",
    "version": "",
    "accounts": [],
    "instructions": [
      {
        "kind": "instructionNode",
        "name": "create",
        "accounts": [
          {
            "kind": "instructionAccountNode",
            "name": "authority",
            "isWritable": false,
            "isSigner": true
          },
          {
            "kind": "instructionAccountNode",
            "name": "state",
            "isWritable": true,
            "isSigner": false
          }
        ],
        "arguments": [
          {
            "kind": "instructionArgumentNode",
            "name": "bump",
            "type": {
              "kind": "numberTypeNode",
              "format": "u8",
              "endian": "le"
            }
          }
        ],
        "discriminators": [
          {
            "kind": "constantDiscriminatorNode",
            "offset": 0,
            "constant": {
              "kind": "constantValueNode",
              "type": {
                "kind": "numberTypeNode",
                "format": "u8",
                "endian": "le"
              },
              "value": {
                "kind": "numberValueNode",
                "number": 0
              }
            }
          }
        ]
      },
      {
        "kind": "instructionNode",
        "name": "update",
        "accounts": [
          {
            "kind": "instructionAccountNode",
            "name": "authority",
            "isWritable": false,
            "isSigner": true
          },
          {
            "kind": "instructionAccountNode",
            "name": "state",
            "isWritable": true,
            "isSigner": false
          }
        ],
        "arguments": [
          {
            "kind": "instructionArgumentNode",
            "name": "value",
            "type": {
              "kind": "numberTypeNode",
              "format": "u64",
              "endian": "le"
            }
          }
        ],
        "discriminators": [
          {
            "kind": "constantDiscriminatorNode",
            "offset": 0,
            "constant": {
              "kind": "constantValueNode",
              "type": {
                "kind": "numberTypeNode",
                "format": "u8",
                "endian": "le"
              },
              "value": {
                "kind": "numberValueNode",
                "number": 1
              }
            }
          }
        ]
      }
    ],
    "definedTypes": [],
    "pdas": [],
    "errors": []
  },
  "additionalPrograms": []
}
