error: remaining accounts are processed without an explicit bound
  --> $DIR/remaining_accounts.rs:38:2
   |
LL | /     for account in remaining {
LL | |         //~^ ERROR: remaining accounts are processed without an explicit bound
LL | |         let _ = account;
LL | |     }
   | |_____^
   |
   = help: reject `remaining.len() > MAX_REMAINING_ACCOUNTS` before the loop, or iterate with `remaining.iter().take(MAX_REMAINING_ACCOUNTS)`
   = note: `#[deny(require_bounded_remaining_accounts)]` on by default

error: remaining accounts are processed without an explicit bound
  --> $DIR/remaining_accounts.rs:47:4
   |
LL | /             for account in remaining {
LL | |                 //~^ ERROR: remaining accounts are processed without an explicit bound
LL | |                 let _ = account;
LL | |             }
   | |_____________^
   |
   = help: reject `remaining.len() > MAX_REMAINING_ACCOUNTS` before the loop, or iterate with `remaining.iter().take(MAX_REMAINING_ACCOUNTS)`

error: remaining accounts are processed without an explicit bound
  --> $DIR/remaining_accounts.rs:61:2
   |
LL | /     for account in remaining {
LL | |         //~^ ERROR: remaining accounts are processed without an explicit bound
LL | |         let _ = account;
LL | |     }
   | |_____^
   |
   = help: reject `remaining.len() > MAX_REMAINING_ACCOUNTS` before the loop, or iterate with `remaining.iter().take(MAX_REMAINING_ACCOUNTS)`

error: remaining accounts are processed without an explicit bound
  --> $DIR/remaining_accounts.rs:74:2
   |
LL | /     for account in remaining {
LL | |         //~^ ERROR: remaining accounts are processed without an explicit bound
LL | |         let _ = account;
LL | |     }
   | |_____^
   |
   = help: reject `remaining.len() > MAX_REMAINING_ACCOUNTS` before the loop, or iterate with `remaining.iter().take(MAX_REMAINING_ACCOUNTS)`

error: remaining accounts are processed without an explicit bound
  --> $DIR/remaining_accounts.rs:83:9
   |
LL |       return for account in remaining {
   |  ____________^
LL | |         //~^ ERROR: remaining accounts are processed without an explicit bound
LL | |         let _ = account;
LL | |     };
   | |_____^
   |
   = help: reject `remaining.len() > MAX_REMAINING_ACCOUNTS` before the loop, or iterate with `remaining.iter().take(MAX_REMAINING_ACCOUNTS)`

error: remaining accounts are processed without an explicit bound
  --> $DIR/remaining_accounts.rs:91:9
   |
LL |           break for account in remaining {
   |  _______________^
LL | |             //~^ ERROR: remaining accounts are processed without an explicit bound
LL | |             let _ = account;
LL | |         };
   | |_________^
   |
   = help: reject `remaining.len() > MAX_REMAINING_ACCOUNTS` before the loop, or iterate with `remaining.iter().take(MAX_REMAINING_ACCOUNTS)`

error: aborting due to 6 previous errors
