error: transfer into `vault` is not accounted from its observed balance delta
  --> $DIR/balance_reload.rs:55:2
   |
LL |     TransferChecked::new(source, mint, vault, owner, 10, 0).invoke()
   |     ^^^^^^^^^^^^^^^^^^^^^^^^^^^^^^^^^^^^^^^^^^^^^^^^^^^^^^^^^^^^^^^^
   |
   = help: read the destination amount before CPI, drop the borrow, invoke the transfer, reload the amount, and use `checked_sub` for the received value
   = note: `#[deny(req$DIRre_post_cpi_balance_reload)]` on by default

error: transfer into `vault` is not accounted from its observed balance delta
  --> $DIR/balance_reload.rs:68:2
   |
LL |     transfer.invoke()
   |     ^^^^^^^^^^^^^^^^^
   |
   = help: read the destination amount before CPI, drop the borrow, invoke the transfer, reload the amount, and use `checked_sub` for the received value

error: transfer into `vault` is not accounted from its observed balance delta
  --> $DIR/balance_reload.rs:80:2
   |
LL |     transfer.invoke()?;
   |     ^^^^^^^^^^^^^^^^^
   |
   = help: read the destination amount before CPI, drop the borrow, invoke the transfer, reload the amount, and use `checked_sub` for the received value

error: aborting due to 3 previous errors
