---
source: crates/pina_cpi_renderer/src/__tests.rs
expression: "render_fixture_instruction(\"vesting_program\", \"cancel\")"
---
use pinocchio::cpi::Signer;
use pinocchio::cpi::invoke_signed;
use pinocchio::error::ProgramResult;
use pinocchio::instruction::InstructionView;
use pinocchio::Address;
use pinocchio::instruction::InstructionAccount;
use pinocchio::AccountView;

/// CPI arguments for the `cancel` instruction.
#[derive(Clone, Copy, Debug)]
#[must_use = "the CPI has no effect until invoke_signed is called"]
pub struct Cancel<'a> {
	/// Switchboard program the instruction is invoked on.
	pub program_id: &'a Address,

	/// must sign.
	pub admin: &'a AccountView,

	pub mint: &'a AccountView,

	/// writable.
	pub vesting_state: &'a AccountView,

	/// writable.
	pub vault: &'a AccountView,

	pub token_program: &'a AccountView,

}

impl Cancel<'_> {
	/// Invokes the instruction with no PDA seeds.
	///
	/// Signer accounts must still be covered by the enclosing transaction or
	/// by seeds passed to [`Self::invoke_signed`].
	#[inline]
	pub fn invoke(&self) -> ProgramResult {
		self.invoke_signed(&[])
	}

	/// Invokes the instruction, signing with the provided PDA seeds.
	pub fn invoke_signed(&self, signers: &[Signer]) -> ProgramResult {
		let mut data = [0u8; 1];
		data[..1].copy_from_slice(&CANCEL_DISCRIMINATOR);
		let accounts = [
			InstructionAccount::new(self.admin.address(), false, true),
			InstructionAccount::new(self.mint.address(), false, false),
			InstructionAccount::new(self.vesting_state.address(), true, false),
			InstructionAccount::new(self.vault.address(), true, false),
			InstructionAccount::new(self.token_program.address(), false, false),
		];
		let views: [&AccountView; 5] = [
			self.admin,
			self.mint,
			self.vesting_state,
			self.vault,
			self.token_program,
		];
		let instruction = InstructionView {
			program_id: self.program_id,
			accounts: &accounts,
			data: &data,
		};
		invoke_signed(&instruction, &views, signers)
	}
}

const CANCEL_DISCRIMINATOR: [u8; 1] = [2];
